// Jest Snapshot v1, https://goo.gl/fbAQLP

exports[`Checkbox checked 1`] = `"<label class=\\"mdl-checkbox mdl-js-checkbox mdl-js-ripple-effect mdl-js-ripple-effect--ignore-events is-checked is-upgraded\\" for=\\"__checkbox__1\\" data-upgraded=\\",MaterialCheckbox,MaterialRipple\\"><input type=\\"checkbox\\" id=\\"__checkbox__1\\" class=\\"mdl-checkbox__input\\"><span class=\\"mdl-checkbox__label\\">checkbox label</span><span class=\\"mdl-checkbox__focus-helper\\"></span><span class=\\"mdl-checkbox__box-outline\\"><span class=\\"mdl-checkbox__tick-outline\\"></span></span><span class=\\"mdl-checkbox__ripple-container mdl-js-ripple-effect mdl-ripple--center\\"><span class=\\"mdl-ripple\\"></span></span></label>"`;

exports[`Checkbox id 1`] = `"<label class=\\"mdl-checkbox mdl-js-checkbox mdl-js-ripple-effect mdl-js-ripple-effect--ignore-events is-upgraded\\" for=\\"checkbox_id\\" data-upgraded=\\",MaterialCheckbox,MaterialRipple\\"><input type=\\"checkbox\\" id=\\"checkbox_id\\" class=\\"mdl-checkbox__input\\"><span class=\\"mdl-checkbox__label\\">checkbox label</span><span class=\\"mdl-checkbox__focus-helper\\"></span><span class=\\"mdl-checkbox__box-outline\\"><span class=\\"mdl-checkbox__tick-outline\\"></span></span><span class=\\"mdl-checkbox__ripple-container mdl-js-ripple-effect mdl-ripple--center\\"><span class=\\"mdl-ripple\\"></span></span></label>"`;

exports[`Checkbox no options 1`] = `"<label class=\\"mdl-checkbox mdl-js-checkbox mdl-js-ripple-effect mdl-js-ripple-effect--ignore-events is-upgraded\\" for=\\"__checkbox__1\\" data-upgraded=\\",MaterialCheckbox,MaterialRipple\\"><input type=\\"checkbox\\" id=\\"__checkbox__1\\" class=\\"mdl-checkbox__input\\"><span class=\\"mdl-checkbox__label\\">checkbox label</span><span class=\\"mdl-checkbox__focus-helper\\"></span><span class=\\"mdl-checkbox__box-outline\\"><span class=\\"mdl-checkbox__tick-outline\\"></span></span><span class=\\"mdl-checkbox__ripple-container mdl-js-ripple-effect mdl-ripple--center\\"><span class=\\"mdl-ripple\\"></span></span></label>"`;

exports[`Checkbox ripple (false) 1`] = `"<label class=\\"mdl-checkbox mdl-js-checkbox is-upgraded\\" for=\\"__checkbox__1\\" data-upgraded=\\",MaterialCheckbox\\"><input type=\\"checkbox\\" id=\\"__checkbox__1\\" class=\\"mdl-checkbox__input\\"><span class=\\"mdl-checkbox__label\\">checkbox label</span><span class=\\"mdl-checkbox__focus-helper\\"></span><span class=\\"mdl-checkbox__box-outline\\"><span class=\\"mdl-checkbox__tick-outline\\"></span></span></label>"`;
