// Jest Snapshot v1, https://goo.gl/fbAQLP

exports[`Icon Component no options 1`] = `"<i class=\\"material-icons\\">add</i>"`;
