// Jest Snapshot v1, https://goo.gl/fbAQLP

exports[`Layout Module LayoutSpacer 1`] = `"<div class=\\"mdl-layout-spacer\\"></div>"`;
